[2026-08-17 14:26:18]   ⏭ Atlandı (çok geç: 5875 dk gecikmiş): MX16-BON
[2026-08-17 14:26:18]   ⏭ Atlandı (çok geç: 5786 dk gecikmiş): MX17-OYU
[2026-08-17 14:26:18]   ⏭ Atlandı (çok geç: 5660 dk gecikmiş): TODAY-mac
[2026-08-17 14:26:18]   ⏭ Atlandı (çok geç: 5606 dk gecikmiş): MX18-SOS
[2026-08-17 14:26:18]   ⏭ Atlandı (çok geç: 5426 dk gecikmiş): MX19-OYU
[2026-08-17 14:26:18]   ⏭ Atlandı (çok geç: 5246 dk gecikmiş): MX20-PRO
[2026-08-17 14:26:18]   ⏭ Atlandı (çok geç: 4526 dk gecikmiş): MX21-OYU
[2026-08-17 14:26:18]   ⏭ Atlandı (çok geç: 4346 dk gecikmiş): MX22-BON
[2026-08-17 14:26:18]   ⏭ Atlandı (çok geç: 4166 dk gecikmiş): MX23-OYU
[2026-08-17 14:26:18]   ⏭ Atlandı (çok geç: 3986 dk gecikmiş): MX24-SOS
[2026-08-17 14:26:18]   ⏭ Atlandı (çok geç: 3806 dk gecikmiş): MX25-OYU
[2026-08-17 14:26:18]   ⏭ Atlandı (çok geç: 3086 dk gecikmiş): MX26-BON
[2026-08-17 14:26:18]   ⏭ Atlandı (çok geç: 2906 dk gecikmiş): MX27-OYU
[2026-08-17 14:26:18]   ⏭ Atlandı (çok geç: 2726 dk gecikmiş): MX28-BON
[2026-08-17 14:26:18]   ⏭ Atlandı (çok geç: 2546 dk gecikmiş): MX29-BRA
[2026-08-17 14:26:18]   ⏭ Atlandı (çok geç: 2366 dk gecikmiş): MX30-BON
[2026-08-17 14:26:18]   ⏭ Atlandı (çok geç: 1646 dk gecikmiş): MX31-TUR
[2026-08-17 14:26:18]   ⏭ Atlandı (çok geç: 248 dk gecikmiş): R01-O
[2026-08-17 14:26:18]   ⏭ Atlandı (çok geç: 206 dk gecikmiş): R02-B
[2026-08-17 14:26:18] Gönderiliyor: R03-O — 2026-08-17T14:00:00 — upcoming-games/100-Fruits-Gold-Coin-Boots/web_banner_1786462160631.mp4
[2026-08-17 14:26:19]   ✓ Gönderildi: R03-O
[2026-08-17 17:49:17] Gönderiliyor: R04-B — 2026-08-17T17:00:00 — Bonuslar/%15 Yatirim Bonusu/yatirim_15_bonus_web_banner.png
[2026-08-17 17:49:18]   ✓ Gönderildi: R04-B
[2026-08-17 20:49:04] Gönderiliyor: R05-O — 2026-08-17T20:00:00 — upcoming-games/the-governor/web_banner_1784819046137.mp4
[2026-08-17 20:49:05]   ✓ Gönderildi: R05-O
[2026-08-18 11:40:54] Gönderiliyor: R06-B — 2026-08-18T11:00:00 — Bonuslar/%20 CepbankQR/cepbank_aninda_20_bonus_web_banner.png
[2026-08-18 11:40:55]   ✓ Gönderildi: R06-B
[2026-08-18 14:37:21] Gönderiliyor: R07-O — 2026-08-18T14:00:00 — upcoming-games/gates_of_olympus_pop/gates_of_olympus_pop_pragmatic_play_yeni_oyun_ta_ig_post_rec.png
[2026-08-18 14:37:23]   ✓ Gönderildi: R07-O
