S001
TEST-sunnydaze
GR-1
OTHER-tgtakip
BUBBLE-1
JADE-1
OTHER-bildirim
TODAY-busstop
S002
S003
OTHER-smtakip
TODAY-serge
TODAY-serge2
TODAY-serge3
NEXT-bonus
MX01-OYU
MX02-TUR
MX03-OYU
MX04-SPO
MX05-OYU
MX06-BON
MX07-OYU
MX08-BON
MX09-SOS
MX10-BON
MX11-SOS
MX12-BON
MX13-OYU
MX14-BRA
MX15-OYU
MX16-BON
MX17-OYU
TODAY-mac
MX18-SOS
MX19-OYU
MX20-PRO
MX21-OYU
MX22-BON
MX23-OYU
MX24-SOS
MX25-OYU
MX26-BON
MX27-OYU
MX28-BON
MX29-BRA
MX30-BON
MX31-TUR
R01-O
R02-B
R03-O
R04-B
R05-O
R06-B
R07-O
Bonuslar/%100 Spor Hosgeldin Bonusu/spor_hosgeldin_bonusu_web_banner.png
Bonuslar/%15 Yatirim Bonusu/yatirim_15_bonus_web_banner.png
Bonuslar/%15 Yatirim Bonusu/yatirim_15_bonus_web_banner.png
Bonuslar/%15 Yatirim Bonusu/yatirim_15_bonus_web_banner.png
Bonuslar/%15 Yatirim Bonusu/yatirim_15_bonus_web_banner.png
Bonuslar/%15 Yatirim Bonusu/yatirim_15_bonus_web_banner.png
